hbi平台搭建

在阿里云上购买云服务器和域名
1.添加新用户
# useradd fei.meng
# passwd fei.meng
# su fei.meng	-- 切换
# userdel -r fei.meng	-- 删除

在root下增加普通用户权限
# vi /etc/sudoers
## Allow root to run any commands anywhere
root    ALL=(ALL)       ALL		（"yyp"复制这一行粘贴到下一行） 
fei.meng    ALL=(ALL)   PASSWD:ALL		(敲击键盘Esc键，输入wq!)

2.新建相关目录
$ mkdir app data soft hbi
	* app：软件安装目录
	* data：数据存放目录
	* soft：安装包存放目录
	* hbi：平台环境目录

3.查看当前系统版本
$ cat /etc/redhat-release

环境参数
	* linux：centos7.4
	* python: python3.6.5
	* git: git2.20.1
	* mysql: mysql5.7.23
	* redis: redis5.0.3
	* nginx: nginx1.15.8
  
一.git安装
$ wget https://github.com/git/git/archive/v2.20.1.zip 
$ sudo yum -y install zlib-devel openssl-devel cpio expat-devel gettext-devel curl-devel perl-ExtUtils-CBuilder perl-ExtUtils-MakeMaker

$ sudo yum -y install unzip 
$ unzip v2.20.1.zip

# 编译安装 
$ cd git-2.20.1 
$ make prefix=/usr/local all 
$ sudo make prefix=/usr/local install 

# 验证是否安装成功
$ git --version

# 创建SSH Key（换成自己的邮箱地址，不需要输入任何东西，直接enter跳过） 
$ ssh-keygen -t rsa -C "fly.mengfei@gmail.com"

查看id_rsa.pub，登录GitLab，Settings -> SSH Keys：输入id_rsa.pub文件的内容，填写任意Title
$ cd .ssh 
$ cat id_rsa.pub 
登陆GitHub，打开“Account Settings”-->“SSH and GPG keys”-->“New SSH key”，填上任意Title，在Key文本框里粘贴id_rsa.pub文件的内容：点“Add SSH key”

git用户名和地址配置（--global参数，用了这个参数，表示你服务器上所有的Git仓库都会使用这个配置）
$ git config --global user.name "mengfei" 
$ git config --global user.email "fly.mengfei@gmail.com"

二.python3安装
1.anaconda3安装
$ cd soft
$ wget https://repo.continuum.io/archive/Anaconda3-5.2.0-Linux-x86_64.sh
$ cd ~/app
$ bash ~/soft/Anaconda3-5.2.0-Linux-x86_64.sh
[/home/fei.meng/anaconda3] >>> conda3
PREFIX=/home/fei.meng/app/conda3

报错：bunzip2: command not found
$ sudo yum install -y bzip2

2.设置环境变量
$ vi ~/.bashrc 
# python3 
export PATH=/home/fei.meng/app/conda3/bin:$PATH 
$ source ~/.bashrc

3.建立python3软链接（后面一项是快捷方式）
$ file /usr/bin/python 
$ which python2 
$ which python3 
$ sudo mv /usr/bin/python /usr/bin/python_bk 
$ sudo ln -s ~/app/conda3/bin/python3 /usr/bin/python

centos7 yum配置文件更改
$ sudo vi /usr/bin/yum 
将#!/usr/bin/python 改为 #!/usr/bin/python2 
$ sudo vi /usr/libexec/urlgrabber-ext-down 
将第一行"#!/usr/bin/python" 改为 "#!/usr/bin/python2"

三.mysql安装
$ sudo yum -y install make gcc-c++ cmake bison-devel ncurses-devel libaio libaio-devel

# 创建用户组及用户（root下）
# groupadd mysql
# useradd mysql -g mysql 	-- useradd mysql[用户名] -g mysql[用户组]

$ wget http://ftp.ntu.edu.tw/MySQL/Downloads/MySQL-5.7/mysql-5.7.23-linux-glibc2.12-x86_64.tar.gz
$ tar -zxvf mysql-5.7.23-linux-glibc2.12-x86_64.tar.gz
$ sudo mv mysql-5.7.23-linux-glibc2.12-x86_64 /usr/local/mysql

# 配置权限（root下）
# cd /usr/local/mysql
# ls
# mkdir data
# cd ..
# ll
# chown -R mysql:mysql mysql/ 
# chmod -R 755 mysql/ 

# 编译安装并初始化mysql，记住末尾初始密码
# /usr/local/mysql/bin/mysqld --initialize --user=mysql --datadir=/usr/local/mysql/data --basedir=/usr/local/mysql

Starting MySQL ** mysqld_safe Directory '/var/lib/mysql' for UNIX socket file don't exists（需要mv /etc/my.cnf /etc/my.cnf.bak，否则会报这个错误）
# cat /etc/my.cnf
# mv /etc/my.cnf /etc/my.cnf.bak

# 启动mysql
# /usr/local/mysql/support-files/mysql.server start

# 建立软链接
# ln -s /usr/local/mysql/support-files/mysql.server /etc/init.d/mysql 
# ln -s /usr/local/mysql/bin/mysql /usr/bin

# 重启mysql
# service mysql restart

# 修改密码（输入前面的初始密码）
# mysql -u root -p
mysql> alter user 'root'@'localhost' identified by '123456';
mysql> use mysql;
mysql> update user set user.Host='%' where user.User='root';
mysql> flush privileges;
mysql> create database if not exists hbi default charset utf8 collate utf8_general_ci;
mysql> quit;


编辑my.cnf，添加配置文件（新建）
# vim /usr/local/mysql/my.cnf 
[mysqld] 
port = 3306 
sql_mode=NO_ENGINE_SUBSTITUTION,STRICT_TRANS_TABLES

四.redis安装
$ wget http://download.redis.io/releases/redis-5.0.3.tar.gz 
$ tar -zxvf redis-5.0.3.tar.gz -C ~/app
$ cd redis-5.0.3
$ make
$ sudo make install

# 启动redis服务器（redis-server）
$ nohup redis-server >/dev/null 2>&1 &

# 打开redis客户端
$ redis-cli -h 127.0.0.1 -p 6379
> set hello world
> get hello
> del hello
> exit

五.nginx安装
官网：http://nginx.org/en/linux_packages.html
$ sudo yum -y install gcc gcc-c++ autoconf pcre pcre-devel make automake 
$ sudo yum -y install wget httpd-tools vim

# 检查
$ yum list | grep gcc

# 安装配置（新建文件）
$ sudo vim /etc/yum.repos.d/nginx.repo 
[nginx] 
name=nginx repo 
baseurl=http://nginx.org/packages/mainline/rhel/7/$basearch/ 
gpgcheck=0 
enabled=1

# 安装
$ sudo yum -y install nginx

# 检查是否安装成功
$ whereis nginx

# 启动nginx
$ cd /usr/sbin
$ nginx -v
$ sudo nginx

# 查看是否启动成功
$ ps -ef | grep nginx

# 重启nginx
$ cd /usr/sbin
$ sudo ./nginx -s reload

# 代理配置
$ cd /etc/nginx
$ sudo vim nginx.conf
    server {
        listen       80;    # 监听端口
        server_name  flymengfei.com;    # 主机名

        location / {
            proxy_redirect off;
            proxy_set_header Host $host;
            proxy_set_header X-Real-Ip $remote_addr;
            proxy_set_header X-Forwarded-For $remote_addr;
            proxy_pass http://47.75.76.120:8000;
        }








